This is pdfTeX, Version 3.141592653-2.6-1.40.29 (TeX Live 2026) (preloaded format=pdflatex 2026.7.26)  12 AUG 2026 11:54
entering extended mode
 restricted \write18 enabled.
 %&-line parsing enabled.
**main.tex
(./main.tex
LaTeX2e <2026-06-01>
L3 programming layer <2026-06-18>
(./cas-sc.cls
Document Class: cas-sc 2024/05/04, 2.4: Formatting class for CAS single column articles
\c@blind=\count276
\@bls=\dimen150
(/home/user/.TinyTeX/texmf-dist/tex/latex/base/article.cls
Document Class: article 2025/01/22 v1.4n Standard LaTeX document class
(/home/user/.TinyTeX/texmf-dist/tex/latex/base/fleqn.clo
File: fleqn.clo 2016/12/29 v1.2b Standard LaTeX option (flush left equations)
\mathindent=\skip49
Applying: [2015/01/01] Make \[ robust on input line 50.
LaTeX Info: Redefining \[ on input line 51.
Already applied: [0000/00/00] Make \[ robust on input line 62.
Applying: [2015/01/01] Make \] robust on input line 74.
LaTeX Info: Redefining \] on input line 75.
Already applied: [0000/00/00] Make \] robust on input line 83.
) (/home/user/.TinyTeX/texmf-dist/tex/latex/base/size10.clo
File: size10.clo 2025/01/22 v1.4n Standard LaTeX file (size option)
)
\c@part=\count277
\c@section=\count278
\c@subsection=\count279
\c@subsubsection=\count280
\c@paragraph=\count281
\c@subparagraph=\count282
\c@figure=\count283
\c@table=\count284
\abovecaptionskip=\skip50
\belowcaptionskip=\skip51
\bibindent=\dimen151
) (/home/user/.TinyTeX/texmf-dist/tex/latex/graphics/graphicx.sty
Package: graphicx 2026-05-17 v1.2e Enhanced LaTeX Graphics (DPC,SPQR)
 (/home/user/.TinyTeX/texmf-dist/tex/latex/graphics/keyval.sty
Package: keyval 2026-05-17 v1.15 key=value parser (DPC)
\KV@toks@=\toks17
) (/home/user/.TinyTeX/texmf-dist/tex/latex/graphics/graphics.sty
Package: graphics 2026-05-17 v1.4h Standard LaTeX Graphics (DPC,SPQR)
 (/home/user/.TinyTeX/texmf-dist/tex/latex/graphics/trig.sty
Package: trig 2023/12/02 v1.11 sin cos tan (DPC)
) (/home/user/.TinyTeX/texmf-dist/tex/latex/graphics-cfg/graphics.cfg
File: graphics.cfg 2016/06/04 v1.11 sample graphics configuration
)
Package graphics Info: Driver file: pdftex.def on input line 106.
 (/home/user/.TinyTeX/texmf-dist/tex/latex/graphics-def/pdftex.def
File: pdftex.def 2025/09/29 v1.2d Graphics/color driver for pdftex
))
\Gin@req@height=\dimen152
\Gin@req@width=\dimen153
) (/home/user/.TinyTeX/texmf-dist/tex/latex/amsmath/amsmath.sty
Package: amsmath 2026/05/19 v2.18d AMS math features
\@mathmargin=\skip52

For additional information on amsmath, use the `?' option.
(/home/user/.TinyTeX/texmf-dist/tex/latex/amsmath/amstext.sty
Package: amstext 2024/11/17 v2.01 AMS text
 (/home/user/.TinyTeX/texmf-dist/tex/latex/amsmath/amsgen.sty
File: amsgen.sty 1999/11/30 v2.0 generic functions
\@emptytoks=\toks18
\ex@=\dimen154
)) (/home/user/.TinyTeX/texmf-dist/tex/latex/amsmath/amsbsy.sty
Package: amsbsy 1999/11/29 v1.2d Bold Symbols
\pmbraise@=\dimen155
) (/home/user/.TinyTeX/texmf-dist/tex/latex/amsmath/amsopn.sty
Package: amsopn 2022/04/08 v2.04 operator names
)
\inf@bad=\count285
LaTeX Info: Redefining \frac on input line 233.
\uproot@=\count286
\leftroot@=\count287
LaTeX Info: Redefining \overline on input line 398.
LaTeX Info: Redefining \colon on input line 409.
\classnum@=\count288
\DOTSCASE@=\count289
LaTeX Info: Redefining \ldots on input line 495.
LaTeX Info: Redefining \dots on input line 498.
LaTeX Info: Redefining \cdots on input line 619.
\Mathstrutbox@=\box53
\strutbox@=\box54
LaTeX Info: Redefining \big on input line 721.
LaTeX Info: Redefining \Big on input line 722.
LaTeX Info: Redefining \bigg on input line 723.
LaTeX Info: Redefining \Bigg on input line 724.
\big@size=\dimen156
LaTeX Font Info:    Redeclaring font encoding OML on input line 742.
LaTeX Font Info:    Redeclaring font encoding OMS on input line 743.
\macc@depth=\count290
LaTeX Info: Redefining \bmod on input line 904.
LaTeX Info: Redefining \pmod on input line 909.
LaTeX Info: Redefining \smash on input line 939.
LaTeX Info: Redefining \relbar on input line 969.
LaTeX Info: Redefining \Relbar on input line 970.
\c@MaxMatrixCols=\count291
\dotsspace@=\muskip17
\c@parentequation=\count292
\dspbrk@lvl=\count293
\tag@help=\toks19
\row@=\count294
\column@=\count295
\maxfields@=\count296
\andhelp@=\toks20
\eqnshift@=\dimen157
\alignsep@=\dimen158
\tagshift@=\dimen159
\tagwidth@=\dimen160
\totwidth@=\dimen161
\lineht@=\dimen162
\@envbody=\toks21
\multlinegap=\skip53
\multlinetaggap=\skip54
\mathdisplay@stack=\toks22
LaTeX Info: Redefining \[ on input line 2965.
LaTeX Info: Redefining \] on input line 2966.
) (/home/user/.TinyTeX/texmf-dist/tex/latex/amsfonts/amsfonts.sty
Package: amsfonts 2013/01/14 v3.01 Basic AMSFonts support
\symAMSa=\mathgroup4
\symAMSb=\mathgroup5
LaTeX Font Info:    Redeclaring math symbol \hbar on input line 98.
LaTeX Font Info:    Overwriting math alphabet `\mathfrak' in version `bold'
(Font)                  U/euf/m/n --> U/euf/b/n on input line 106.
) (/home/user/.TinyTeX/texmf-dist/tex/latex/amsfonts/amssymb.sty
Package: amssymb 2013/01/14 v3.01 AMS font symbols
) (/home/user/.TinyTeX/texmf-dist/tex/latex/l3kernel/expl3.sty
Package: expl3 2026-06-18 L3 programming layer (loader) 
 (/home/user/.TinyTeX/texmf-dist/tex/latex/l3backend/l3backend-pdftex.def
File: l3backend-pdftex.def 2026-02-18 L3 backend support: PDF output (pdfTeX)
\l__color_backend_stack_int=\count297
)) (/home/user/.TinyTeX/texmf-dist/tex/latex/l3packages/xparse/xparse.sty
Package: xparse 2025-10-09 L3 Experimental document command parser
) (/home/user/.TinyTeX/texmf-dist/tex/latex/etoolbox/etoolbox.sty
Package: etoolbox 2025/10/02 v2.5m e-TeX tools for LaTeX (JAW)
\etb@tempcnta=\count298
) (/home/user/.TinyTeX/texmf-dist/tex/latex/booktabs/booktabs.sty
Package: booktabs 2020/01/12 v1.61803398 Publication quality tables
\heavyrulewidth=\dimen163
\lightrulewidth=\dimen164
\cmidrulewidth=\dimen165
\belowrulesep=\dimen166
\belowbottomsep=\dimen167
\aboverulesep=\dimen168
\abovetopsep=\dimen169
\cmidrulesep=\dimen170
\cmidrulekern=\dimen171
\defaultaddspace=\dimen172
\@cmidla=\count299
\@cmidlb=\count300
\@aboverulesep=\dimen173
\@belowrulesep=\dimen174
\@thisruleclass=\count301
\@lastruleclass=\count302
\@thisrulewidth=\dimen175
) (/home/user/.TinyTeX/texmf-dist/tex/latex/makecell/makecell.sty
Package: makecell 2009/08/03 V0.1e Managing of Tab Column Heads and Cells
 (/home/user/.TinyTeX/texmf-dist/tex/latex/tools/array.sty
Package: array 2026/02/24 v2.7b Tabular extension package (FMi)
\col@sep=\dimen176
\ar@mcellbox=\box55
\extrarowheight=\dimen177
\NC@list=\toks23
\extratabsurround=\skip55
\backup@length=\skip56
\ar@cellbox=\box56
)
\rotheadsize=\dimen178
\c@nlinenum=\count303
\TeXr@lab=\toks24
) (/home/user/.TinyTeX/texmf-dist/tex/latex/multirow/multirow.sty
Package: multirow 2024/11/12 v2.9 Span multiple rows of a table
\multirow@colwidth=\skip57
\multirow@cntb=\count304
\multirow@dima=\skip58
\bigstrutjot=\dimen179
) (/home/user/.TinyTeX/texmf-dist/tex/latex/colortbl/colortbl.sty
Package: colortbl 2026/05/01 v1.0l Color table columns (DPC)
 (/home/user/.TinyTeX/texmf-dist/tex/latex/graphics/color.sty
Package: color 2026-05-17 v1.3f Standard LaTeX Color (DPC)
 (/home/user/.TinyTeX/texmf-dist/tex/latex/graphics-cfg/color.cfg
File: color.cfg 2016/01/02 v1.6 sample color configuration
)
Package color Info: Driver file: pdftex.def on input line 149.
 (/home/user/.TinyTeX/texmf-dist/tex/latex/graphics/mathcolor.ltx))
new hooks used!!
\minrowclearance=\skip59
\rownum=\count305
) (/home/user/.TinyTeX/texmf-dist/tex/latex/tools/dcolumn.sty
Package: dcolumn 2025/10/21 v1.06 decimal alignment package (DPC)
) (/home/user/.TinyTeX/texmf-dist/tex/latex/sttools/stfloats.sty
Package: stfloats 2025/06/18 v3.4 Improve float mechanism and baselineskip settings
\@dblbotnum=\count306
\c@dblbotnumber=\count307
) (/home/user/.TinyTeX/texmf-dist/tex/latex/tools/xspace.sty
Package: xspace 2014/10/28 v1.13 Space after command names (DPC,MH)
) (/home/user/.TinyTeX/texmf-dist/tex/generic/xstring/xstring.sty (/home/user/.TinyTeX/texmf-dist/tex/generic/xstring/xstring.tex
\xs_counta=\count308
\xs_countb=\count309
)
Package: xstring 2023/08/22 v1.86 String manipulations (CT)
) (/home/user/.TinyTeX/texmf-dist/tex/latex/footmisc/footmisc.sty
Package: footmisc 2025/05/09 v7.0b a miscellany of footnote facilities
\FN@temptoken=\toks25
\footnotemargin=\dimen180
Package footmisc Info: Declaring symbol style bringhurst on input line 549.
Package footmisc Info: Declaring symbol style chicago on input line 557.
Package footmisc Info: Declaring symbol style wiley on input line 566.
Package footmisc Info: Declaring symbol style lamport-robust on input line 577.
Package footmisc Info: Declaring symbol style lamport* on input line 597.
Package footmisc Info: Declaring symbol style lamport*-robust on input line 618.
) (/home/user/.TinyTeX/texmf-dist/tex/latex/xcolor/xcolor.sty
Package: xcolor 2024/09/29 v3.02 LaTeX color extensions (UK)
 (/home/user/.TinyTeX/texmf-dist/tex/latex/graphics-cfg/color.cfg
File: color.cfg 2016/01/02 v1.6 sample color configuration
)
Package xcolor Info: Driver file: pdftex.def on input line 274.
LaTeX Info: Redefining \color on input line 762.
 (/home/user/.TinyTeX/texmf-dist/tex/latex/graphics/mathcolor.ltx)
Package xcolor Info: Model `cmy' substituted by `cmy0' on input line 1349.
Package xcolor Info: Model `hsb' substituted by `rgb' on input line 1353.
Package xcolor Info: Model `RGB' extended on input line 1365.
Package xcolor Info: Model `HTML' substituted by `rgb' on input line 1367.
Package xcolor Info: Model `Hsb' substituted by `hsb' on input line 1368.
Package xcolor Info: Model `tHsb' substituted by `hsb' on input line 1369.
Package xcolor Info: Model `HSB' substituted by `hsb' on input line 1370.
Package xcolor Info: Model `Gray' substituted by `gray' on input line 1371.
Package xcolor Info: Model `wave' substituted by `hsb' on input line 1372.
) (/home/user/.TinyTeX/texmf-dist/tex/latex/xcolor/svgnam.def
File: svgnam.def 2024/09/29 v3.02 Predefined colors according to SVG 1.1 (UK)
) (/home/user/.TinyTeX/texmf-dist/tex/latex/graphics/dvipsnam.def
File: dvipsnam.def 2026-05-17 v3.0m Driver-dependent file (DPC,SPQR)
) (/home/user/.TinyTeX/texmf-dist/tex/latex/setspace/setspace.sty
Package: setspace 2022/12/04 v6.7b set line spacing
) (/home/user/.TinyTeX/texmf-dist/tex/latex/hyperref/hyperref.sty
Package: hyperref 2026-06-17 v7.01r Hypertext links for LaTeX
 (/home/user/.TinyTeX/texmf-dist/tex/generic/iftex/iftex.sty
Package: iftex 2024/12/12 v1.0g TeX engine tests
) (/home/user/.TinyTeX/texmf-dist/tex/latex/kvsetkeys/kvsetkeys.sty
Package: kvsetkeys 2022-10-05 v1.19 Key value parser (HO)
) (/home/user/.TinyTeX/texmf-dist/tex/generic/kvdefinekeys/kvdefinekeys.sty
Package: kvdefinekeys 2019-12-19 v1.6 Define keys (HO)
) (/home/user/.TinyTeX/texmf-dist/tex/generic/pdfescape/pdfescape.sty
Package: pdfescape 2019/12/09 v1.15 Implements pdfTeX's escape features (HO)
 (/home/user/.TinyTeX/texmf-dist/tex/generic/ltxcmds/ltxcmds.sty
Package: ltxcmds 2023-12-04 v1.26 LaTeX kernel commands for general use (HO)
) (/home/user/.TinyTeX/texmf-dist/tex/generic/pdftexcmds/pdftexcmds.sty
Package: pdftexcmds 2020-06-27 v0.33 Utility functions of pdfTeX for LuaTeX (HO)
 (/home/user/.TinyTeX/texmf-dist/tex/generic/infwarerr/infwarerr.sty
Package: infwarerr 2019/12/03 v1.5 Providing info/warning/error messages (HO)
)
Package pdftexcmds Info: \pdf@primitive is available.
Package pdftexcmds Info: \pdf@ifprimitive is available.
Package pdftexcmds Info: \pdfdraftmode found.
)) (/home/user/.TinyTeX/texmf-dist/tex/latex/hycolor/hycolor.sty
Package: hycolor 2020-01-27 v1.10 Color options for hyperref/bookmark (HO)
) (/home/user/.TinyTeX/texmf-dist/tex/latex/hyperref/nameref.sty
Package: nameref 2026-01-29 v2.58 Cross-referencing by name of section
 (/home/user/.TinyTeX/texmf-dist/tex/latex/refcount/refcount.sty
Package: refcount 2019/12/15 v3.6 Data extraction from label references (HO)
) (/home/user/.TinyTeX/texmf-dist/tex/generic/gettitlestring/gettitlestring.sty
Package: gettitlestring 2019/12/15 v1.6 Cleanup title references (HO)
 (/home/user/.TinyTeX/texmf-dist/tex/latex/kvoptions/kvoptions.sty
Package: kvoptions 2022-06-15 v3.15 Key value format for package options (HO)
))
\c@section@level=\count310
) (/home/user/.TinyTeX/texmf-dist/tex/generic/stringenc/stringenc.sty
Package: stringenc 2019/11/29 v1.12 Convert strings between diff. encodings (HO)
)
\@linkdim=\dimen181
\Hy@linkcounter=\count311
\Hy@pagecounter=\count312
 (/home/user/.TinyTeX/texmf-dist/tex/latex/hyperref/pd1enc.def
File: pd1enc.def 2026-06-17 v7.01r Hyperref: PDFDocEncoding definition (HO)
Now handling font encoding PD1 ...
... no UTF-8 mapping file for font encoding PD1
) (/home/user/.TinyTeX/texmf-dist/tex/generic/intcalc/intcalc.sty
Package: intcalc 2019/12/15 v1.3 Expandable calculations with integers (HO)
)
\Hy@SavedSpaceFactor=\count313
 (/home/user/.TinyTeX/texmf-dist/tex/latex/hyperref/puenc.def
File: puenc.def 2026-06-17 v7.01r Hyperref: PDF Unicode definition (HO)
Now handling font encoding PU ...
... no UTF-8 mapping file for font encoding PU
)
Package hyperref Info: Option `colorlinks' set `true' on input line 4070.
Package hyperref Info: Hyper figures OFF on input line 4199.
Package hyperref Info: Link nesting OFF on input line 4204.
Package hyperref Info: Hyper index ON on input line 4207.
Package hyperref Info: Plain pages OFF on input line 4214.
Package hyperref Info: Backreferencing OFF on input line 4219.
Package hyperref Info: Implicit mode ON; LaTeX internals redefined.
Package hyperref Info: Bookmarks ON on input line 4466.
\c@Hy@tempcnt=\count314
 (/home/user/.TinyTeX/texmf-dist/tex/latex/url/url.sty
\Urlmuskip=\muskip18
Package: url 2013/09/16  ver 3.4  Verb mode for urls, etc.
)
LaTeX Info: Redefining \url on input line 4805.
\XeTeXLinkMargin=\dimen182
 (/home/user/.TinyTeX/texmf-dist/tex/generic/bitset/bitset.sty
Package: bitset 2019/12/09 v1.3 Handle bit-vector datatype (HO)
 (/home/user/.TinyTeX/texmf-dist/tex/generic/bigintcalc/bigintcalc.sty
Package: bigintcalc 2019/12/15 v1.5 Expandable calculations on big integers (HO)
))
\Fld@menulength=\count315
\Field@Width=\dimen183
\Fld@charsize=\dimen184
Package hyperref Info: Hyper figures OFF on input line 6091.
Package hyperref Info: Link nesting OFF on input line 6096.
Package hyperref Info: Hyper index ON on input line 6099.
Package hyperref Info: backreferencing OFF on input line 6106.
Package hyperref Info: Link coloring ON on input line 6109.
Package hyperref Info: Link coloring with OCG OFF on input line 6116.
Package hyperref Info: PDF/A mode OFF on input line 6121.
\Hy@abspage=\count316
\c@Item=\count317
\c@Hfootnote=\count318
)
Package hyperref Info: Driver (autodetected): hpdftex.
 (/home/user/.TinyTeX/texmf-dist/tex/latex/hyperref/hpdftex.def
File: hpdftex.def 2026-06-17 v7.01r Hyperref driver for pdfTeX
\Fld@listcount=\count319
\c@bookmark@seq@number=\count320
 (/home/user/.TinyTeX/texmf-dist/tex/latex/rerunfilecheck/rerunfilecheck.sty
Package: rerunfilecheck 2025-06-21 v1.11 Rerun checks for auxiliary files (HO)
 (/home/user/.TinyTeX/texmf-dist/tex/generic/uniquecounter/uniquecounter.sty
Package: uniquecounter 2019/12/15 v1.4 Provide unlimited unique counter (HO)
)
Package uniquecounter Info: New unique counter `rerunfilecheck' on input line 284.
)
\Hy@SectionHShift=\skip60
) (./cas-common.sty
\l_stm_title_before_dim=\dimen185
\l_stm_title_after_dim=\dimen186
\g_ead_int=\count321
\g_uad_int=\count322
\@eadauthor=\toks26
\g_stm_tnote_int=\count323
\g_stm_fnote_int=\count324
\g_stm_cor_int=\count325
\g_stm_au_int=\count326
\g_stm_aau_int=\count327
\l_autype_int=\count328
\l_stm_augroup_before_dim=\dimen187
\l_stm_augroup_after_dim=\dimen188
\l_stm_augroup_lskip_tl=\dimen189
\l_stm_augroup_rskip_tl=\dimen190
\g_stm_aff_int=\count329
\g_stm_aff_ext_int=\count330
\g_stm_aff_int_int=\count331
\g_stm_fn_aff_ext_int=\count332
\g_stm_fn_aff_int_int=\count333
\l_stm_aff_before_dim=\dimen191
\l_stm_aff_after_dim=\dimen192
\l_stm_aff_lskip_dim=\dimen193
\l_stm_aff_rskip_dim=\dimen194
\g_stm_augr_int=\count334
\g_stm_aaugr_int=\count335
 (/home/user/.TinyTeX/texmf-dist/tex/latex/moreverb/moreverb.sty
Package: moreverb 2008/06/03 v2.3a `more' verbatim facilities
 (/home/user/.TinyTeX/texmf-dist/tex/latex/tools/verbatim.sty
Package: verbatim 2024-01-22 v1.5x LaTeX2e package for verbatim enhancements
\every@verbatim=\toks27
\verbatim@line=\toks28
\verbatim@in@stream=\read2
)
\tab@position=\count336
\tab@size=\count337
\listing@line=\count338
)
\g_stm_abs_box=\box57
\casgrabsbox=\box58
\casauhlbox=\box59
\g_stm_key_box=\box60
\g_stm_jtype_int=\count339
\g_stm_blind_int=\count340
\c@au=\count341
\c@cnote=\count342
\c@tnote=\count343
\c@fnote=\count344
\c@aff=\count345
\g_stm_notes_box=\box61
\g_stm_front_box=\box62
\paraindent=\dimen195
\subparaindent=\dimen196
\FullWidth=\dimen197
\l_tbl_width_dim=\dimen198
\l_tbl_abovecap_skip=\skip61
\l_tbl_belowcap_skip=\skip62
\l_tbl_abovetbl_skip=\skip63
\l_tbl_belowtbl_skip=\skip64
\l_fig_width_dim=\dimen199
\cascaptionbox=\box63
\l_fig_abovecap_skip=\skip65
\l_fig_belowcap_skip=\skip66
\l_fig_abovefig_skip=\skip67
\l_fig_belowfig_skip=\skip68
 (/home/user/.TinyTeX/texmf-dist/tex/latex/wrapfig/wrapfig.sty
\wrapoverhang=\dimen256
\WF@size=\dimen257
\c@WF@wrappedlines=\count346
\WF@box=\box64
\WF@everypar=\toks29
Package: wrapfig 2003/01/31  v 3.6
)
\l_wrap_figwidth_dim=\dimen258
\l_wrap_fighspace_dim=\dimen259
\l_wrap_figvspace_dim=\dimen260
\l_wrap_fighcorr_dim=\dimen261
\l_wrap_figvcorr_dim=\dimen262
\l_above_bio_dim=\dimen263
\l_wrap_figlcorr_int=\count347
\l_wrap_figlines_int=\count348
\l_bio_text_box=\box65
\c@ca_biography_ctr=\count349
\l_ca_temp_inta=\count350
\leftMargin=\dimen264
\@enLab=\toks30
\@sep=\skip69
\@@sep=\skip70
) (/home/user/.TinyTeX/texmf-dist/tex/latex/base/fontenc.sty
Package: fontenc 2025/07/18 v2.1d Standard LaTeX package
) (/home/user/.TinyTeX/texmf-dist/tex/latex/stix/stix.sty
Package: stix 2018/04/17 v1.1.3-latex STIX fonts support package
 (/home/user/.TinyTeX/texmf-dist/tex/latex/base/textcomp.sty
Package: textcomp 2024/04/24 v2.1b Standard LaTeX package
LaTeX Font Info:    Changing ? sub-encoding to TS1/0 on input line 75.
)
LaTeX Encoding Info:    Text command \textpertenthousand (encoding T1) is not declared on input line 51.
LaTeX Encoding Info:    Redeclaring text command \textpertenthousand (encoding ?) on input line 52.
Now handling font encoding LS1 ...
... no UTF-8 mapping file for font encoding LS1
Now handling font encoding LS2 ...
... no UTF-8 mapping file for font encoding LS2
LaTeX Font Info:    Redeclaring symbol font `letters' on input line 76.
LaTeX Font Info:    Encoding `OML' has changed to `LS1' for symbol font
(Font)              `letters' in the math version `normal' on input line 76.
LaTeX Font Info:    Overwriting symbol font `letters' in version `normal'
(Font)                  OML/cmm/m/it --> LS1/stix/m/it on input line 76.
LaTeX Font Info:    Encoding `OML' has changed to `LS1' for symbol font
(Font)              `letters' in the math version `bold' on input line 76.
LaTeX Font Info:    Overwriting symbol font `letters' in version `bold'
(Font)                  OML/cmm/b/it --> LS1/stix/m/it on input line 76.
LaTeX Font Info:    Redeclaring symbol font `operators' on input line 77.
LaTeX Font Info:    Encoding `OT1' has changed to `LS1' for symbol font
(Font)              `operators' in the math version `normal' on input line 77.
LaTeX Font Info:    Overwriting symbol font `operators' in version `normal'
(Font)                  OT1/cmr/m/n --> LS1/stix/m/n on input line 77.
LaTeX Font Info:    Encoding `OT1' has changed to `LS1' for symbol font
(Font)              `operators' in the math version `bold' on input line 77.
LaTeX Font Info:    Overwriting symbol font `operators' in version `bold'
(Font)                  OT1/cmr/bx/n --> LS1/stix/m/n on input line 77.
\symbold-operators=\mathgroup6
LaTeX Font Info:    Redeclaring symbol font `symbols' on input line 79.
LaTeX Font Info:    Encoding `OMS' has changed to `LS1' for symbol font
(Font)              `symbols' in the math version `normal' on input line 79.
LaTeX Font Info:    Overwriting symbol font `symbols' in version `normal'
(Font)                  OMS/cmsy/m/n --> LS1/stixscr/m/n on input line 79.
LaTeX Font Info:    Encoding `OMS' has changed to `LS1' for symbol font
(Font)              `symbols' in the math version `bold' on input line 79.
LaTeX Font Info:    Overwriting symbol font `symbols' in version `bold'
(Font)                  OMS/cmsy/b/n --> LS1/stixscr/m/n on input line 79.
\symsymbols2=\mathgroup7
\symsymbols3=\mathgroup8
\symsymbols4=\mathgroup9
\symintegrals=\mathgroup10
LaTeX Font Info:    Redeclaring symbol font `largesymbols' on input line 84.
LaTeX Font Info:    Encoding `OMX' has changed to `LS2' for symbol font
(Font)              `largesymbols' in the math version `normal' on input line 84.
LaTeX Font Info:    Overwriting symbol font `largesymbols' in version `normal'
(Font)                  OMX/cmex/m/n --> LS2/stixex/m/n on input line 84.
LaTeX Font Info:    Encoding `OMX' has changed to `LS2' for symbol font
(Font)              `largesymbols' in the math version `bold' on input line 84.
LaTeX Font Info:    Overwriting symbol font `largesymbols' in version `bold'
(Font)                  OMX/cmex/m/n --> LS2/stixex/m/n on input line 84.
\symarrows1=\mathgroup11
\symarrows2=\mathgroup12
\symarrows3=\mathgroup13
LaTeX Font Info:    Overwriting symbol font `letters' in version `bold'
(Font)                  LS1/stix/m/it --> LS1/stix/b/it on input line 88.
LaTeX Font Info:    Overwriting symbol font `operators' in version `bold'
(Font)                  LS1/stix/m/n --> LS1/stix/b/n on input line 89.
LaTeX Font Info:    Overwriting symbol font `symbols' in version `bold'
(Font)                  LS1/stixscr/m/n --> LS1/stixscr/b/n on input line 90.
LaTeX Font Info:    Overwriting symbol font `symbols2' in version `bold'
(Font)                  LS1/stixfrak/m/n --> LS1/stixfrak/b/n on input line 91.
LaTeX Font Info:    Overwriting symbol font `symbols3' in version `bold'
(Font)                  LS1/stixbb/m/n --> LS1/stixbb/b/n on input line 92.
LaTeX Font Info:    Overwriting symbol font `symbols4' in version `bold'
(Font)                  LS1/stixbb/m/it --> LS1/stixbb/b/it on input line 93.
LaTeX Font Info:    Overwriting symbol font `integrals' in version `bold'
(Font)                  LS2/stixcal/m/n --> LS2/stixcal/b/n on input line 94.
LaTeX Font Info:    Overwriting symbol font `largesymbols' in version `bold'
(Font)                  LS2/stixex/m/n --> LS2/stixex/b/n on input line 95.
LaTeX Font Info:    Overwriting symbol font `arrows1' in version `bold'
(Font)                  LS1/stixsf/m/n --> LS1/stixsf/b/n on input line 96.
LaTeX Font Info:    Overwriting symbol font `arrows2' in version `bold'
(Font)                  LS1/stixsf/m/it --> LS1/stixsf/b/it on input line 97.
LaTeX Font Info:    Overwriting symbol font `arrows3' in version `bold'
(Font)                  LS2/stixtt/m/n --> LS2/stixtt/b/n on input line 98.
LaTeX Font Info:    Redeclaring math alphabet \mathit on input line 99.
LaTeX Font Info:    Redeclaring math alphabet \mathfrak on input line 102.
LaTeX Font Info:    Redeclaring math alphabet \mathsf on input line 106.
LaTeX Font Info:    Redeclaring math alphabet \mathtt on input line 108.
LaTeX Font Info:    Redeclaring math alphabet \mathbf on input line 109.
LaTeX Info: Redefining \yen on input line 456.
LaTeX Info: Redefining \circledR on input line 458.
LaTeX Info: Redefining \checkmark on input line 460.
LaTeX Info: Redefining \maltese on input line 461.
LaTeX Font Info:    Redeclaring math accent \grave on input line 698.
LaTeX Font Info:    Redeclaring math accent \acute on input line 699.
LaTeX Font Info:    Redeclaring math accent \hat on input line 700.
LaTeX Font Info:    Redeclaring math accent \tilde on input line 701.
LaTeX Font Info:    Redeclaring math accent \bar on input line 702.
LaTeX Font Info:    Redeclaring math accent \breve on input line 703.
LaTeX Font Info:    Redeclaring math accent \dot on input line 704.
LaTeX Font Info:    Redeclaring math accent \ddot on input line 705.
LaTeX Font Info:    Redeclaring math accent \mathring on input line 707.
LaTeX Font Info:    Redeclaring math accent \check on input line 708.
LaTeX Font Info:    Redeclaring math accent \vec on input line 716.
LaTeX Font Info:    Redeclaring math accent \widehat on input line 728.
LaTeX Font Info:    Redeclaring math accent \widetilde on input line 729.
LaTeX Info: Redefining \vdots on input line 1518.
LaTeX Info: Redefining \cdots on input line 1522.
LaTeX Font Info:    Redeclaring math symbol \mathsterling on input line 1978.
LaTeX Info: Redefining \not on input line 2144.
) (/home/user/.TinyTeX/texmf-dist/tex/latex/geometry/geometry.sty
Package: geometry 2026/03/07 v6.0 Page Geometry
 (/home/user/.TinyTeX/texmf-dist/tex/generic/iftex/ifvtex.sty
Package: ifvtex 2019/10/25 v1.7 ifvtex legacy package. Use iftex instead.
)
\Gm@cnth=\count351
\Gm@cntv=\count352
\c@Gm@tempcnt=\count353
\Gm@bindingoffset=\dimen265
\Gm@wd@mp=\dimen266
\Gm@odd@mp=\dimen267
\Gm@even@mp=\dimen268
\Gm@layoutwidth=\dimen269
\Gm@layoutheight=\dimen270
\Gm@layouthoffset=\dimen271
\Gm@layoutvoffset=\dimen272
\Gm@dimlist=\toks31
)) (/home/user/.TinyTeX/texmf-dist/tex/latex/natbib/natbib.sty
Package: natbib 2010/09/13 8.31b (PWD, AO)
\bibhang=\skip71
\bibsep=\skip72
LaTeX Info: Redefining \cite on input line 694.
\c@NAT@ctr=\count354
) (/home/user/.TinyTeX/texmf-dist/tex/latex/float/float.sty
Package: float 2001/11/08 v1.3d Float enhancements (AL)
\c@float@type=\count355
\float@exts=\toks32
\float@box=\box66
\@float@everytoks=\toks33
\@floatcapt=\box67
) (/home/user/.TinyTeX/texmf-dist/tex/latex/caption/subcaption.sty
Package: subcaption 2023/07/28 v1.6b Sub-captions (AR)
 (/home/user/.TinyTeX/texmf-dist/tex/latex/caption/caption.sty
Package: caption 2023/08/05 v3.6o Customizing captions (AR)
 (/home/user/.TinyTeX/texmf-dist/tex/latex/caption/caption3.sty
Package: caption3 2023/07/31 v2.4d caption3 kernel (AR)
\caption@tempdima=\dimen273
\captionmargin=\dimen274
\caption@leftmargin=\dimen275
\caption@rightmargin=\dimen276
\caption@width=\dimen277
\caption@indent=\dimen278
\caption@parindent=\dimen279
\caption@hangindent=\dimen280
Package caption Info: Standard document class detected.
)
\c@caption@flags=\count356
\c@continuedfloat=\count357
Package caption Info: float package is loaded.
Package caption Info: hyperref package is loaded.
Package caption Info: wrapfig package is loaded.
)
Package caption Info: New subtype `subfigure' on input line 238.
\c@subfigure=\count358
Package caption Info: New subtype `subtable' on input line 238.
\c@subtable=\count359
) (/home/user/.TinyTeX/texmf-dist/tex/latex/tools/tabularx.sty
Package: tabularx 2023/12/11 v2.12a `tabularx' package (DPC)
\TX@col@width=\dimen281
\TX@old@table=\dimen282
\TX@old@col=\dimen283
\TX@target=\dimen284
\TX@delta=\dimen285
\TX@cols=\count360
\TX@ftn=\toks34
) (/home/user/.TinyTeX/texmf-dist/tex/latex/enumitem/enumitem.sty
Package: enumitem 2025/02/06 v3.11 Customized lists
\labelindent=\skip73
\enit@outerparindent=\dimen286
\enit@toks=\toks35
\enit@inbox=\box68
\enit@count@id=\count361
\enitdp@description=\count362
) (/home/user/.TinyTeX/texmf-dist/tex/latex/siunitx/siunitx.sty
Package: siunitx 2026-05-15 v3.5.5 A comprehensive (SI) units package
\l__siunitx_number_uncert_offset_int=\count363
\l__siunitx_number_exponent_fixed_int=\count364
\l__siunitx_number_min_decimal_int=\count365
\l__siunitx_number_min_integer_int=\count366
\l__siunitx_number_round_precision_int=\count367
\l__siunitx_number_lower_threshold_int=\count368
\l__siunitx_number_upper_threshold_int=\count369
\l__siunitx_number_group_first_int=\count370
\l__siunitx_number_group_size_int=\count371
\l__siunitx_number_group_min_int=\count372
\l__siunitx_number_group_minimum_int=\count373
\l__siunitx_compound_count_int=\count374
\l__siunitx_table_tmp_box=\box69
\l__siunitx_table_tmp_dim=\dimen287
\l__siunitx_table_column_width_dim=\dimen288
\l__siunitx_table_integer_box=\box70
\l__siunitx_table_decimal_box=\box71
\l__siunitx_table_uncert_box=\box72
\l__siunitx_table_before_box=\box73
\l__siunitx_table_after_box=\box74
\l__siunitx_table_before_dim=\dimen289
\l__siunitx_table_carry_dim=\dimen290
\l__siunitx_unit_tmp_int=\count375
\l__siunitx_unit_position_int=\count376
\l__siunitx_unit_total_int=\count377
\l__siunitx_sexagesimal_tmp_dim=\dimen291
\l__siunitx_sexagesimal_marker_box=\box75
\l__siunitx_sexagesimal_unit_box=\box76
)
Package hyperref Info: Option `colorlinks' set `true' on input line 22.
\c@proposition=\count378
LaTeX Font Info:    Trying to load font information for T1+stix on input line 38.
 (/home/user/.TinyTeX/texmf-dist/tex/latex/stix/t1stix.fd
File: t1stix.fd 2015/04/17 v1.1.2-latex STIX T1 font definitions
) (./main.aux)
\openout1 = `main.aux'.

LaTeX Font Info:    Checking defaults for OML/cmm/m/it on input line 38.
LaTeX Font Info:    ... okay on input line 38.
LaTeX Font Info:    Checking defaults for OMS/cmsy/m/n on input line 38.
LaTeX Font Info:    ... okay on input line 38.
LaTeX Font Info:    Checking defaults for OT1/cmr/m/n on input line 38.
LaTeX Font Info:    ... okay on input line 38.
LaTeX Font Info:    Checking defaults for T1/cmr/m/n on input line 38.
LaTeX Font Info:    ... okay on input line 38.
LaTeX Font Info:    Checking defaults for TS1/cmr/m/n on input line 38.
LaTeX Font Info:    ... okay on input line 38.
LaTeX Font Info:    Checking defaults for OMX/cmex/m/n on input line 38.
LaTeX Font Info:    ... okay on input line 38.
LaTeX Font Info:    Checking defaults for U/cmr/m/n on input line 38.
LaTeX Font Info:    ... okay on input line 38.
LaTeX Font Info:    Checking defaults for PD1/pdf/m/n on input line 38.
LaTeX Font Info:    ... okay on input line 38.
LaTeX Font Info:    Checking defaults for PU/pdf/m/n on input line 38.
LaTeX Font Info:    ... okay on input line 38.
LaTeX Font Info:    Checking defaults for LS1/stix/m/n on input line 38.
LaTeX Font Info:    Trying to load font information for LS1+stix on input line 38.
 (/home/user/.TinyTeX/texmf-dist/tex/latex/stix/ls1stix.fd
File: ls1stix.fd 2015/04/17 v1.1.2-latex STIX LS1 font definitions
)
LaTeX Font Info:    ... okay on input line 38.
LaTeX Font Info:    Checking defaults for LS2/stix/m/n on input line 38.
LaTeX Font Info:    Trying to load font information for LS2+stix on input line 38.
 (/home/user/.TinyTeX/texmf-dist/tex/latex/stix/ls2stix.fd
File: ls2stix.fd 2015/04/17 v1.1.2-latex STIX LS2 font definitions
)
LaTeX Font Info:    ... okay on input line 38.
 (/home/user/.TinyTeX/texmf-dist/tex/latex/epstopdf-pkg/epstopdf-base.sty
Package: epstopdf-base 2020-01-24 v2.11 Base part for package epstopdf
Package epstopdf-base Info: Redefining graphics rule for `.eps' on input line 485.
 (/home/user/.TinyTeX/texmf-dist/tex/latex/latexconfig/epstopdf-sys.cfg
File: epstopdf-sys.cfg 2010/07/13 v1.3 Configuration of (r)epstopdf for TeX Live
))
LaTeX Info: Command `\dddot' is already robust on input line 38.
LaTeX Info: Command `\ddddot' is already robust on input line 38.
Package hyperref Info: Link coloring ON on input line 38.
 (./main.out) (./main.out)
\@outlinefile=\write3
\openout3 = `main.out'.


*geometry* driver: auto-detecting
*geometry* detected driver: pdftex
*geometry* verbose mode - [ preamble ] result:
* driver: pdftex
* paper: custom
* layout: <same size as paper>
* layoutoffset:(h,v)=(0.0pt,0.0pt)
* modes: 
* h-part:(L,W,R)=(38.98026pt, 468.3324pt, 38.98026pt)
* v-part:(T,H,B)=(54.06023pt, 637.34175pt, 54.06023pt)
* \paperwidth=546.29291pt
* \paperheight=745.4622pt
* \textwidth=468.3324pt
* \textheight=637.34175pt
* \oddsidemargin=-33.28973pt
* \evensidemargin=-33.28973pt
* \topmargin=-42.20976pt
* \headheight=12.0pt
* \headsep=12.0pt
* \topskip=10.0pt
* \footskip=12.0pt
* \marginparwidth=57.0pt
* \marginparsep=11.0pt
* \columnsep=10.0pt
* \skip\footins=9.0pt plus 4.0pt minus 2.0pt
* \hoffset=0.0pt
* \voffset=0.0pt
* \mag=1000
* \@twocolumnfalse
* \@twosidefalse
* \@mparswitchfalse
* \@reversemarginfalse
* (1in=72.27pt=25.4mm, 1cm=28.453pt)

Package caption Info: Begin \AtBeginDocument code.
Package caption Info: End \AtBeginDocument code.
\verbatim@out=\write4
\openout4 = `main.abs'.

LaTeX Font Info:    Trying to load font information for TS1+stix on input line 105.
(/home/user/.TinyTeX/texmf-dist/tex/latex/stix/ts1stix.fd
File: ts1stix.fd 2015/04/17 v1.1.2-latex STIX TS1 font definitions
)
LaTeX Font Info:    Trying to load font information for LS1+stixscr on input line 106.
 (/home/user/.TinyTeX/texmf-dist/tex/latex/stix/ls1stixscr.fd
File: ls1stixscr.fd 2015/04/17 v1.1.2-latex STIX script LS1 font definitions
)
LaTeX Font Info:    Trying to load font information for LS2+stixex on input line 106.
 (/home/user/.TinyTeX/texmf-dist/tex/latex/stix/ls2stixex.fd
File: ls2stixex.fd 2015/04/17 v1.1.2-latex STIX extentions LS2 font definitions
)
LaTeX Font Info:    Trying to load font information for U+msa on input line 106.
 (/home/user/.TinyTeX/texmf-dist/tex/latex/amsfonts/umsa.fd
File: umsa.fd 2013/01/14 v3.01 AMS symbols A
)
LaTeX Font Info:    Trying to load font information for U+msb on input line 106.
 (/home/user/.TinyTeX/texmf-dist/tex/latex/amsfonts/umsb.fd
File: umsb.fd 2013/01/14 v3.01 AMS symbols B
)
LaTeX Font Info:    Trying to load font information for LS1+stixfrak on input line 106.
 (/home/user/.TinyTeX/texmf-dist/tex/latex/stix/ls1stixfrak.fd
File: ls1stixfrak.fd 2015/04/17 v1.1.2-latex STIX fraktur LS1 font definitions
)
LaTeX Font Info:    Trying to load font information for LS1+stixbb on input line 106.
 (/home/user/.TinyTeX/texmf-dist/tex/latex/stix/ls1stixbb.fd
File: ls1stixbb.fd 2015/04/17 v1.1.2-latex STIX blackboard LS1 font definitions
)
LaTeX Font Info:    Trying to load font information for LS2+stixcal on input line 106.
 (/home/user/.TinyTeX/texmf-dist/tex/latex/stix/ls2stixcal.fd
File: ls2stixcal.fd 2015/04/17 v1.1.2-latex STIX calligraphic LS2 font definitions
)
LaTeX Font Info:    Trying to load font information for LS1+stixsf on input line 106.
 (/home/user/.TinyTeX/texmf-dist/tex/latex/stix/ls1stixsf.fd
File: ls1stixsf.fd 2015/04/17 v1.1.2-latex STIX sans-serif LS1 font definitions
)
LaTeX Font Info:    Trying to load font information for LS2+stixtt on input line 106.
 (/home/user/.TinyTeX/texmf-dist/tex/latex/stix/ls2stixtt.fd
File: ls2stixtt.fd 2015/04/17 v1.1.2-latex STIX typewriter LS2 font definitions
) [0

{/home/user/.TinyTeX/texmf-var/fonts/map/pdftex/updmap/pdftex.map}{/home/user/.TinyTeX/texmf-dist/fonts/enc/dvips/stix/stix-t1.enc}{/home/user/.TinyTeX/texmf-dist/fonts/enc/dvips/stix/stix-ts1.enc}]
Overfull \hbox (117.0831pt too wide) detected at line 116
[]
 []

(./main.abs)

Package hyperref Warning: Ignoring empty anchor on input line 116.


Package hyperref Warning: Ignoring empty anchor on input line 116.

<thumbnails/cas-email.jpeg, id=14, 225.84375pt x 225.84375pt>
File: thumbnails/cas-email.jpeg Graphic file (type jpg)
<use thumbnails/cas-email.jpeg>
Package pdftex.def Info: thumbnails/cas-email.jpeg  used on input line 116.
(pdftex.def)             Requested size: 7.99838pt x 8.0pt.

Package hyperref Warning: Ignoring empty anchor on input line 116.

[1 <./thumbnails/cas-email.jpeg>] [2] (./tables/literature_positioning.tex
Underfull \hbox (badness 1715) in paragraph at lines 52--52
\T1/cmss/m/n/9 output er-ror, coercivity-scaled resid-ual
 []


Underfull \hbox (badness 1331) in paragraph at lines 52--52
[]|\T1/cmss/m/n/9 Not homogenization-specific and not a six-
 []


Underfull \hbox (badness 1024) in paragraph at lines 52--52
\T1/cmss/m/n/9 [[]], Michel and Su-
 []


Underfull \hbox (badness 1515) in paragraph at lines 52--52
\T1/cmss/m/n/9 quet [[]], and Kunc
 []


Underfull \hbox (badness 1320) in paragraph at lines 52--52
\T1/cmss/m/n/9 per-re-duced com-pu-ta-tional ho-mog-e-niza-
 []


Underfull \hbox (badness 1286) in paragraph at lines 52--52
\T1/cmss/m/n/9 tang and Pa-t-era [[]],
 []


Underfull \hbox (badness 10000) in paragraph at lines 52--52
[]|\T1/cmss/m/n/9 Reduced Schur sys-tems, Schur-
 []


Underfull \hbox (badness 6995) in paragraph at lines 52--52
\T1/cmss/m/n/9 complement per-tur-ba-tion er-ror, port
 []


Underfull \hbox (badness 10000) in paragraph at lines 52--52
\T1/cmss/m/n/9 re-duc-tion, and static-condensation
 []


Underfull \hbox (badness 2142) in paragraph at lines 52--52
[]|\T1/cmss/m/n/9 Kerfriden et al. [[]]
 []


Underfull \hbox (badness 1406) in paragraph at lines 52--52
[]|\T1/cmss/m/n/9 CRE and goal-oriented/two-field cer-ti-
 []


Underfull \hbox (badness 1173) in paragraph at lines 52--52
[]|\T1/cmss/m/n/9 Moulinec and Su-quet
 []


Underfull \hbox (badness 10000) in paragraph at lines 52--52
[]|\T1/cmss/m/n/9 Isotropic Fourier Green op-er-a-tors,
 []


Underfull \hbox (badness 6995) in paragraph at lines 52--52
\T1/cmss/m/n/9 Fourier--Galerkin ho-mog-e-niza-tion, and
 []


Underfull \hbox (badness 1668) in paragraph at lines 52--52
[]|\T1/cmss/m/n/9 No re-duced six-output resid-ual com-piler or
 []


Underfull \hbox (badness 1708) in paragraph at lines 52--52
\T1/cmss/m/n/9 Von-drejc et al. [[]],
 []


Underfull \hbox (badness 1314) in paragraph at lines 52--52
[]|\T1/cmss/m/n/9 Compiles all affine resid-ual pair-ings for six
 []

) [3] [4] [5] (./tables/material_domain.tex)
<figures/cmame_offline_online_architecture.pdf, id=211, 737.15402pt x 328.8285pt>
File: figures/cmame_offline_online_architecture.pdf Graphic file (type pdf)
<use figures/cmame_offline_online_architecture.pdf>
Package pdftex.def Info: figures/cmame_offline_online_architecture.pdf  used on input line 388.
(pdftex.def)             Requested size: 458.96375pt x 204.7396pt.
 [6] [7 <./figures/cmame_offline_online_architecture.pdf>] [8] [9] [10] [11] [12] (./tables/geometry_summary.tex)
<figures/cmame_fixed_rve_morphology.pdf, id=440, 701.01903pt x 261.31226pt>
File: figures/cmame_fixed_rve_morphology.pdf Graphic file (type pdf)
<use figures/cmame_fixed_rve_morphology.pdf>
Package pdftex.def Info: figures/cmame_fixed_rve_morphology.pdf  used on input line 795.
(pdftex.def)             Requested size: 458.96375pt x 171.087pt.
 [13]
<figures/rom_convergence_32.pdf, id=455, 309.45485pt x 221.81595pt>
File: figures/rom_convergence_32.pdf Graphic file (type pdf)
<use figures/rom_convergence_32.pdf>
Package pdftex.def Info: figures/rom_convergence_32.pdf  used on input line 862.
(pdftex.def)             Requested size: 295.0517pt x 211.50241pt.
 (./tables/validation_summary.tex) [14 <./figures/cmame_fixed_rve_morphology.pdf>] [15 <./figures/rom_convergence_32.pdf>]
<figures/cmame_bound_reliability.pdf, id=583, 731.13103pt x 243.30852pt>
File: figures/cmame_bound_reliability.pdf Graphic file (type pdf)
<use figures/cmame_bound_reliability.pdf>
Package pdftex.def Info: figures/cmame_bound_reliability.pdf  used on input line 923.
(pdftex.def)             Requested size: 458.96375pt x 152.7357pt.
<figures/cmame_loewner_eigenvalues.pdf, id=584, 767.03163pt x 305.62157pt>
File: figures/cmame_loewner_eigenvalues.pdf Graphic file (type pdf)
<use figures/cmame_loewner_eigenvalues.pdf>
Package pdftex.def Info: figures/cmame_loewner_eigenvalues.pdf  used on input line 936.
(pdftex.def)             Requested size: 440.2336pt x 175.41391pt.
 (./tables/cmame_bound_summary.tex)
<figures/cmame_adaptive_convergence.pdf, id=586, 297.511pt x 239.695pt>
File: figures/cmame_adaptive_convergence.pdf Graphic file (type pdf)
<use figures/cmame_adaptive_convergence.pdf>
Package pdftex.def Info: figures/cmame_adaptive_convergence.pdf  used on input line 969.
(pdftex.def)             Requested size: 281.00229pt x 226.39958pt.
 [16 <./figures/cmame_bound_reliability.pdf>]
<figures/sensitivity_enrichment.pdf, id=670, 320.65671pt x 203.48473pt>
File: figures/sensitivity_enrichment.pdf Graphic file (type pdf)
<use figures/sensitivity_enrichment.pdf>
Package pdftex.def Info: figures/sensitivity_enrichment.pdf  used on input line 992.
(pdftex.def)             Requested size: 299.73244pt x 190.22308pt.
 (./tables/sensitivity_summary.tex) [17 <./figures/cmame_loewner_eigenvalues.pdf>]
<figures/cmame_voxel_scaling.pdf, id=738, 615.49902pt x 254.14902pt>
File: figures/cmame_voxel_scaling.pdf Graphic file (type pdf)
<use figures/cmame_voxel_scaling.pdf>
Package pdftex.def Info: figures/cmame_voxel_scaling.pdf  used on input line 1015.
(pdftex.def)             Requested size: 412.1348pt x 170.182pt.
 (./tables/cmame_voxel_scaling.tex)
Underfull \hbox (badness 2310) in paragraph at lines 1029--1040
[]\T1/stix/m/n/10 An in-de-pen-dent spherical-inclusion bench-mark uses isotropic phases at 10% vol-ume frac-tion and grids
 []


Underfull \hbox (badness 1354) in paragraph at lines 1029--1040
\T1/stix/m/n/10 Loewner bounds with pos-i-tive mar-gins, and the hy-dro-static re-sponse lies in-side the Hashin--Shtrikman bulk
 []

[18 <./figures/cmame_adaptive_convergence.pdf> <./figures/sensitivity_enrichment.pdf>]
<figures/cmame_inclusion_benchmark.pdf, id=820, 615.49902pt x 246.92203pt>
File: figures/cmame_inclusion_benchmark.pdf Graphic file (type pdf)
<use figures/cmame_inclusion_benchmark.pdf>
Package pdftex.def Info: figures/cmame_inclusion_benchmark.pdf  used on input line 1043.
(pdftex.def)             Requested size: 412.1348pt x 165.3427pt.
 (./tables/cmame_inclusion_benchmark.tex) [19 <./figures/cmame_voxel_scaling.pdf>]
<figures/cmame_geometry_descriptors.pdf, id=877, 658.86104pt x 405.9125pt>
File: figures/cmame_geometry_descriptors.pdf Graphic file (type pdf)
<use figures/cmame_geometry_descriptors.pdf>
Package pdftex.def Info: figures/cmame_geometry_descriptors.pdf  used on input line 1075.
(pdftex.def)             Requested size: 430.86494pt x 265.45036pt.
<figures/cmame_geometry_slices.pdf, id=878, 728.14894pt x 314.64784pt>
File: figures/cmame_geometry_slices.pdf Graphic file (type pdf)
<use figures/cmame_geometry_slices.pdf>
Package pdftex.def Info: figures/cmame_geometry_slices.pdf  used on input line 1083.
(pdftex.def)             Requested size: 430.86494pt x 186.18794pt.
 (./tables/cmame_geometry_summary.tex) [20 <./figures/cmame_inclusion_benchmark.pdf>] [21 <./figures/cmame_geometry_descriptors.pdf> <./figures/cmame_geometry_slices.pdf>]
<figures/screening_pareto.pdf, id=1027, 320.90161pt x 230.16315pt>
File: figures/screening_pareto.pdf Graphic file (type pdf)
<use figures/screening_pareto.pdf>
Package pdftex.def Info: figures/screening_pareto.pdf  used on input line 1120.
(pdftex.def)             Requested size: 309.10109pt x 221.7162pt.
 (./tables/screening_best.tex) [22 <./figures/screening_pareto.pdf>]
<figures/cmame_conditional_inverse.pdf, id=1087, 572.13701pt x 239.695pt>
File: figures/cmame_conditional_inverse.pdf Graphic file (type pdf)
<use figures/cmame_conditional_inverse.pdf>
Package pdftex.def Info: figures/cmame_conditional_inverse.pdf  used on input line 1165.
(pdftex.def)             Requested size: 449.60223pt x 188.36214pt.
 (./tables/cmame_conditional_inverse_summary.tex) [23 <./figures/cmame_conditional_inverse.pdf>]
<figures/cmame_uq_distributions.pdf, id=1161, 658.86104pt x 225.23674pt>
File: figures/cmame_uq_distributions.pdf Graphic file (type pdf)
<use figures/cmame_uq_distributions.pdf>
Package pdftex.def Info: figures/cmame_uq_distributions.pdf  used on input line 1201.
(pdftex.def)             Requested size: 426.18419pt x 145.69759pt.
 (./tables/cmame_uq_summary.tex) [24 <./figures/cmame_uq_distributions.pdf>] [25] [26] [27]
Underfull \hbox (badness 6332) in paragraph at lines 1417--1421
\T1/stix/m/n/10 The source cam-paigns are un-der \T1/cmtt/m/n/10 results/cmame_method\T1/stix/m/n/10 ; gen-er-ated files and hashes are recorded in
 []

[28] (./main.bbl [29] [30]) [31] (./main.aux)
 ***********
LaTeX2e <2026-06-01>
L3 programming layer <2026-06-18>
 ***********


LaTeX Font Warning: Size substitutions with differences
(Font)              up to 0.5pt have occurred.

Package rerunfilecheck Info: File `main.out' has not changed.
(rerunfilecheck)             Checksum: D41D8CD98F00B204E9800998ECF8427E;0.
 ) 
Here is how much of TeX's memory you used:
 21669 strings out of 469158
 389163 string characters out of 5460257
 776040 words of memory out of 5000000
 50185 multiletter control sequences out of 15000+600000
 773097 words of font info for 246 fonts, out of 8000000 for 9000
 14 hyphenation exceptions out of 8191
 89i,14n,98p,690b,1205s stack positions out of 10000i,1000n,20000p,200000b,200000s
 </home/user/.TinyTeX/texmf-var/fonts/pk/ljfour/jknappen/ec/ectt0900.600pk> </home/user/.TinyTeX/texmf-var/fonts/pk/ljfour/jknappen/ec/ectt1000.600pk> </home/user/.TinyTeX/texmf-var/fonts/pk/ljfour/jknappen/ec/ecsx0900.600pk> </home/user/.TinyTeX/texmf-var/fonts/pk/ljfour/jknappen/ec/ecss0900.600pk> </home/user/.TinyTeX/texmf-var/fonts/pk/ljfour/jknappen/ec/ectt0800.600pk></home/user/.TinyTeX/texmf-dist/fonts/type1/public/stix/STIXGeneral-Bold.pfb></home/user/.TinyTeX/texmf-dist/fonts/type1/public/stix/STIXGeneral-BoldItalic.pfb></home/user/.TinyTeX/texmf-dist/fonts/type1/public/stix/STIXGeneral-Italic.pfb></home/user/.TinyTeX/texmf-dist/fonts/type1/public/stix/STIXGeneral-Regular.pfb></home/user/.TinyTeX/texmf-dist/fonts/type1/public/stix/stix-mathbb.pfb></home/user/.TinyTeX/texmf-dist/fonts/type1/public/stix/stix-mathcal.pfb></home/user/.TinyTeX/texmf-dist/fonts/type1/public/stix/stix-mathex.pfb></home/user/.TinyTeX/texmf-dist/fonts/type1/public/stix/stix-mathit-bold.pfb></home/user/.TinyTeX/texmf-dist/fonts/type1/public/stix/stix-mathit.pfb></home/user/.TinyTeX/texmf-dist/fonts/type1/public/stix/stix-mathrm-bold.pfb></home/user/.TinyTeX/texmf-dist/fonts/type1/public/stix/stix-mathrm.pfb></home/user/.TinyTeX/texmf-dist/fonts/type1/public/stix/stix-mathscr.pfb></home/user/.TinyTeX/texmf-dist/fonts/type1/public/stix/stix-mathsf.pfb></home/user/.TinyTeX/texmf-dist/fonts/type1/public/stix/stix-mathtt.pfb>
Output written on main.pdf (32 pages, 800051 bytes).
PDF statistics:
 1606 PDF objects out of 1728 (max. 8388607)
 659 compressed objects within 7 object streams
 161 named destinations out of 1000 (max. 500000)
 76 words of extra memory for PDF output out of 10000 (max. 10000000)

